// Jest Snapshot v1, https://goo.gl/fbAQLP

exports[`@Catch should define caught expcetions 1`] = `
Array [
  [Function],
]
`;
